// Jest Snapshot v1, https://goo.gl/fbAQLP

exports[`App renders App component 1`] = `
<div>
  <div
    class="App"
  >
    <header
      class="App-header"
    >
      <h1>
        Star Wars ratings
      </h1>
    </header>
    <main>
      <p
        class="sc-fubCfw jWxqXS"
      >
        Loading ...
      </p>
      <dl
        class="sc-iBPRYJ bnXwkW"
      >
        <dt>
          Total number of votes
        </dt>
        <dd>
          0
        </dd>
      </dl>
    </main>
  </div>
</div>
`;
